Component: ARM Compiler 5.06 update 1 (build 61) Tool: armlink [4d35a8]

==============================================================================

Section Cross References

    main.o(.text) refers to sys.o(.text) for System_Init
    main.o(.text) refers to task.o(.text) for Timer_Task
    main.o(.text) refers to task.o(.data) for mode
    system_stm32f4xx.o(.text) refers to system_stm32f4xx.o(.data) for SystemCoreClock
    task.o(.text) refers to _printf_percent.o(.ARM.Collect$$_printf_percent$$00000000) for _printf_percent
    task.o(.text) refers to _printf_d.o(.ARM.Collect$$_printf_percent$$00000009) for _printf_d
    task.o(.text) refers to _printf_dec.o(.text) for _printf_int_dec
    task.o(.text) refers to _printf_f.o(.ARM.Collect$$_printf_percent$$00000003) for _printf_f
    task.o(.text) refers to printf1.o(x$fpl$printf1) for _printf_fp_dec
    task.o(.text) refers to bluebooth.o(.text) for Serial_SendArray
    task.o(.text) refers to oled.o(.text) for OLED_ShowNum
    task.o(.text) refers to timer.o(.data) for count_1ms
    task.o(.text) refers to task.o(.data) for page_flag
    task.o(.text) refers to usart3.o(.data) for Roll_3
    task.o(.text) refers to angle.o(.data) for Roll_1
    task.o(.text) refers to motor.o(.text) for Set_Speed
    task.o(.text) refers to encoder.o(.text) for Read_Encoder
    task.o(.text) refers to key.o(.text) for KEY_Scan
    task.o(.text) refers to servo.o(.text) for Set_Servo_E5
    task.o(.text) refers to bluebooth.o(.data) for blue_data
    task.o(.text) refers to servo.o(.data) for B8_angle
    task.o(.text) refers to stm32f4xx_usart.o(.text) for USART_SendData
    task.o(.text) refers to ps2.o(.text) for PS2_ScanKey
    task.o(.text) refers to usart.o(.data) for USART_RX_STA
    task.o(.text) refers to usart.o(.bss) for USART_RX_BUF
    task.o(.text) refers to motor42.o(.data) for need_roll2
    task.o(.text) refers to task.o(.bss) for ang
    task.o(.text) refers to noretval__2printf.o(.text) for __2printf
    task.o(.text) refers to f2d.o(x$fpl$f2d) for __aeabi_f2d
    oled.o(.text) refers to delay.o(.text) for delay_us
    oled.o(.text) refers to stm32f4xx_gpio.o(.text) for GPIO_ResetBits
    oled.o(.text) refers to oled.o(.bss) for OLED_GRAM
    oled.o(.text) refers to oled.o(.constdata) for asc2_0806
    oled.o(.text) refers to stm32f4xx_rcc.o(.text) for RCC_AHB1PeriphClockCmd
    timer.o(.text) refers to stm32f4xx_rcc.o(.text) for RCC_APB1PeriphClockCmd
    timer.o(.text) refers to stm32f4xx_tim.o(.text) for TIM_TimeBaseInit
    timer.o(.text) refers to misc.o(.text) for NVIC_Init
    timer.o(.text) refers to timer.o(.data) for count_1ms
    motor.o(.text) refers to stm32f4xx_rcc.o(.text) for RCC_APB2PeriphClockCmd
    motor.o(.text) refers to stm32f4xx_gpio.o(.text) for GPIO_PinAFConfig
    motor.o(.text) refers to stm32f4xx_tim.o(.text) for TIM_TimeBaseInit
    encoder.o(.text) refers to stm32f4xx_rcc.o(.text) for RCC_APB1PeriphClockCmd
    encoder.o(.text) refers to stm32f4xx_gpio.o(.text) for GPIO_Init
    encoder.o(.text) refers to stm32f4xx_tim.o(.text) for TIM_TimeBaseStructInit
    motor42.o(.text) refers to stm32f4xx_rcc.o(.text) for RCC_APB1PeriphClockCmd
    motor42.o(.text) refers to stm32f4xx_tim.o(.text) for TIM_TimeBaseInit
    motor42.o(.text) refers to misc.o(.text) for NVIC_Init
    motor42.o(.text) refers to stm32f4xx_gpio.o(.text) for GPIO_ResetBits
    motor42.o(.text) refers to motor42.o(.data) for y1_flag_42
    motor42.o(.text) refers to usart3.o(.data) for Roll_3
    motor42.o(.text) refers to angle.o(.data) for Roll_2
    motor42.o(.text) refers to task.o(.data) for state_57
    adc.o(.text) refers to stm32f4xx_rcc.o(.text) for RCC_AHB1PeriphClockCmd
    adc.o(.text) refers to stm32f4xx_gpio.o(.text) for GPIO_Init
    adc.o(.text) refers to stm32f4xx_adc.o(.text) for ADC_DeInit
    adc.o(.text) refers to dflt_clz.o(x$fpl$dfltu) for __aeabi_ui2d
    adc.o(.text) refers to dmul.o(x$fpl$dmul) for __aeabi_dmul
    adc.o(.text) refers to d2f.o(x$fpl$d2f) for __aeabi_d2f
    bluebooth.o(.text) refers to stm32f4xx_rcc.o(.text) for RCC_AHB1PeriphClockCmd
    bluebooth.o(.text) refers to stm32f4xx_gpio.o(.text) for GPIO_PinAFConfig
    bluebooth.o(.text) refers to misc.o(.text) for NVIC_Init
    bluebooth.o(.text) refers to stm32f4xx_usart.o(.text) for USART_Init
    bluebooth.o(.text) refers to bluebooth.o(.data) for blue_data
    ps2.o(.text) refers to stm32f4xx_rcc.o(.text) for RCC_AHB1PeriphClockCmd
    ps2.o(.text) refers to stm32f4xx_gpio.o(.text) for GPIO_Init
    ps2.o(.text) refers to delay.o(.text) for delay_us
    ps2.o(.text) refers to ps2.o(.constdata) for PS2_cmnd
    ps2.o(.text) refers to ps2.o(.bss) for PS2_data
    key.o(.text) refers to stm32f4xx_rcc.o(.text) for RCC_AHB1PeriphClockCmd
    key.o(.text) refers to stm32f4xx_gpio.o(.text) for GPIO_Init
    key.o(.text) refers to key.o(.data) for key_up
    usart3.o(.text) refers to stm32f4xx_rcc.o(.text) for RCC_AHB1PeriphClockCmd
[...]
    locale$$code                             0x080077d8   Section       44  lc_numeric_c.o(locale$$code)
    x$fpl$dretinf                            0x08007804   Section       12  dretinf.o(x$fpl$dretinf)
    $v0                                      0x08007804   Number         0  dretinf.o(x$fpl$dretinf)
    x$fpl$f2d                                0x08007810   Section       86  f2d.o(x$fpl$f2d)
    $v0                                      0x08007810   Number         0  f2d.o(x$fpl$f2d)
    x$fpl$fnaninf                            0x08007866   Section      140  fnaninf.o(x$fpl$fnaninf)
    $v0                                      0x08007866   Number         0  fnaninf.o(x$fpl$fnaninf)
    x$fpl$fpinit                             0x080078f2   Section       10  fpinit.o(x$fpl$fpinit)
    $v0                                      0x080078f2   Number         0  fpinit.o(x$fpl$fpinit)
    x$fpl$printf1                            0x080078fc   Section        4  printf1.o(x$fpl$printf1)
    $v0                                      0x080078fc   Number         0  printf1.o(x$fpl$printf1)
    .constdata                               0x08007900   Section     7696  oled.o(.constdata)
    x$fpl$usenofp                            0x08007900   Section        0  usenofp.o(x$fpl$usenofp)
    .constdata                               0x08009710   Section        9  ps2.o(.constdata)
    .constdata                               0x0800971c   Section      148  bigflt0.o(.constdata)
    tenpwrs_x                                0x0800971c   Data          60  bigflt0.o(.constdata)
    tenpwrs_i                                0x08009758   Data          64  bigflt0.o(.constdata)
    locale$$data                             0x080097d0   Section       28  lc_numeric_c.o(locale$$data)
    __lcnum_c_name                           0x080097d4   Data           2  lc_numeric_c.o(locale$$data)
    __lcnum_c_start                          0x080097dc   Data           0  lc_numeric_c.o(locale$$data)
    __lcnum_c_point                          0x080097e8   Data           0  lc_numeric_c.o(locale$$data)
    __lcnum_c_thousands                      0x080097ea   Data           0  lc_numeric_c.o(locale$$data)
    __lcnum_c_grouping                       0x080097eb   Data           0  lc_numeric_c.o(locale$$data)
    __lcnum_c_end                            0x080097ec   Data           0  lc_numeric_c.o(locale$$data)
    .data                                    0x20000000   Section       20  system_stm32f4xx.o(.data)
    .data                                    0x20000014   Section       96  task.o(.data)
    led_state                                0x2000005c   Data           1  task.o(.data)
    key                                      0x2000005d   Data           1  task.o(.data)
    flag_p                                   0x2000005e   Data           1  task.o(.data)
    flag_p1                                  0x2000005f   Data           1  task.o(.data)
    flag_p2                                  0x20000060   Data           1  task.o(.data)
    flag_r                                   0x20000061   Data           1  task.o(.data)
    flag_r1                                  0x20000062   Data           1  task.o(.data)
    flag_r2                                  0x20000063   Data           1  task.o(.data)
    my_joystick                              0x20000064   Data           7  task.o(.data)
    do_flag                                  0x2000006b   Data           1  task.o(.data)
    state                                    0x2000006c   Data           1  task.o(.data)
    start                                    0x2000006d   Data           1  task.o(.data)
    state                                    0x2000006e   Data           1  task.o(.data)
    start                                    0x2000006f   Data           1  task.o(.data)
    state                                    0x20000070   Data           1  task.o(.data)
    start                                    0x20000071   Data           1  task.o(.data)
    state                                    0x20000072   Data           1  task.o(.data)
    start                                    0x20000073   Data           1  task.o(.data)
    .data                                    0x20000074   Section        5  timer.o(.data)
    .data                                    0x2000007c   Section       50  motor42.o(.data)
    r                                        0x200000a0   Data           1  motor42.o(.data)
    p                                        0x200000a1   Data           1  motor42.o(.data)
    flagr1                                   0x200000a2   Data           1  motor42.o(.data)
    flagr2                                   0x200000a3   Data           1  motor42.o(.data)
    flagp1                                   0x200000a4   Data           1  motor42.o(.data)
    flagp2                                   0x200000a5   Data           1  motor42.o(.data)
    value                                    0x200000a6   Data           1  motor42.o(.data)
    r                                        0x200000a7   Data           1  motor42.o(.data)
    p                                        0x200000a8   Data           1  motor42.o(.data)
    flagr1                                   0x200000a9   Data           1  motor42.o(.data)
    flagr2                                   0x200000aa   Data           1  motor42.o(.data)
    flagp1                                   0x200000ab   Data           1  motor42.o(.data)
    flagp2                                   0x200000ac   Data           1  motor42.o(.data)
    value                                    0x200000ad   Data           1  motor42.o(.data)
    .data                                    0x200000ae   Section        2  bluebooth.o(.data)
    .data                                    0x200000b0   Section        1  key.o(.data)
    key_up                                   0x200000b0   Data           1  key.o(.data)
    .data                                    0x200000b4   Section       28  usart3.o(.data)
    Roll_L                                   0x200000c4   Data           1  usart3.o(.data)
    Roll_H                                   0x200000c5   Data           1  usart3.o(.data)
    Pitch_L                                  0x200000c6   Data           1  usart3.o(.data)
    Pitch_H                                  0x200000c7   Data           1  usart3.o(.data)
    Yaw_L                                    0x200000c8   Data           1  usart3.o(.data)
    Yaw_H                                    0x200000c9   Data           1  usart3.o(.data)
    Roll_Data                                0x200000ca   Data           2  usart3.o(.data)
    Pitch_Data                               0x200000cc   Data           2  usart3.o(.data)
    Yaw_Data                                 0x200000ce   Data           2  usart3.o(.data)
    .data                                    0x200000d0   Section       56  angle.o(.data)
    Roll_L                                   0x200000f0   Data           1  angle.o(.data)
    Roll_H                                   0x200000f1   Data           1  angle.o(.data)
    Pitch_L                                  0x200000f2   Data           1  angle.o(.data)
    Pitch_H                                  0x200000f3   Data           1  angle.o(.data)
    Yaw_L                                    0x200000f4   Data           1  angle.o(.data)
    Yaw_H                                    0x200000f5   Data           1  angle.o(.data)
    Roll_Data                                0x200000f6   Data           2  angle.o(.data)
    Pitch_Data                               0x200000f8   Data           2  angle.o(.data)
    Yaw_Data                                 0x200000fa   Data           2  angle.o(.data)
    Roll_L                                   0x200000fc   Data           1  angle.o(.data)
    Roll_H                                   0x200000fd   Data           1  angle.o(.data)
    Pitch_L                                  0x200000fe   Data           1  angle.o(.data)
    Pitch_H                                  0x200000ff   Data           1  angle.o(.data)
    Yaw_L                                    0x20000100   Data           1  angle.o(.data)
    Yaw_H                                    0x20000101   Data           1  angle.o(.data)
    Roll_Data                                0x20000102   Data           2  angle.o(.data)
    Pitch_Data                               0x20000104   Data           2  angle.o(.data)
    Yaw_Data                                 0x20000106   Data           2  angle.o(.data)
    .data                                    0x20000108   Section       16  servo.o(.data)
    .data                                    0x20000118   Section        4  delay.o(.data)
    fac_us                                   0x20000118   Data           1  delay.o(.data)
    fac_ms                                   0x2000011a   Data           2  delay.o(.data)
    .data                                    0x2000011c   Section        6  usart.o(.data)
    .data                                    0x20000122   Section       16  stm32f4xx_rcc.o(.data)
    APBAHBPrescTable                         0x20000122   Data          16  stm32f4xx_rcc.o(.data)
    .bss                                     0x20000134   Section       48  task.o(.bss)
    .bss                                     0x20000164   Section     1152  oled.o(.bss)
    .bss                                     0x200005e4   Section        9  ps2.o(.bss)
    PS2_data                                 0x200005e4   Data           9  ps2.o(.bss)
    .bss                                     0x200005ed   Section      100  usart3.o(.bss)
    .bss                                     0x20000651   Section      200  angle.o(.bss)
    .bss                                     0x20000719   Section      200  usart.o(.bss)
    .bss                                     0x200007e4   Section       96  libspace.o(.bss)
    HEAP                                     0x20000848   Section      512  startup_stm32f40_41xxx.o(HEAP)
    Heap_Mem                                 0x20000848   Data         512  startup_stm32f40_41xxx.o(HEAP)
    STACK                                    0x20000a48   Section     1024  startup_stm32f40_41xxx.o(STACK)
    Stack_Mem                                0x20000a48   Data        1024  startup_stm32f40_41xxx.o(STACK)
    __initial_sp                             0x20000e48   Data           0  startup_stm32f40_41xxx.o(STACK)

    Global Symbols

    Symbol Name                              Value     Ov Type        Size  Object(Section)

    BuildAttributes$$THM_ISAv4$E$P$D$K$B$S$7EM$VFPi3$EXTD16$VFPS$VFMA$PE$A:L22UL41UL21$X:L11$S22US41US21$IEEE1$IW$USESV6$~STKCKD$USESV7$~SHL$OTIME$ROPI$IEEEJ$EBA8$UX$STANDARDLIB$REQ8$PRES8$EABIv2 0x00000000   Number         0  anon$$obj.o ABSOLUTE
    __ARM_use_no_argv                        0x00000000   Number         0  main.o ABSOLUTE
    _printf_flags                            0x00000000   Number         0  printf_stubs.o ABSOLUTE
    _printf_return_value                     0x00000000   Number         0  printf_stubs.o ABSOLUTE
    _printf_sizespec                         0x00000000   Number         0  printf_stubs.o ABSOLUTE
    _printf_widthprec                        0x00000000   Number         0  printf_stubs.o ABSOLUTE
    __ARM_exceptions_init                     - Undefined Weak Reference
    __alloca_initialize                       - Undefined Weak Reference
    __arm_preinit_                            - Undefined Weak Reference
    __cpp_initialize__aeabi_                  - Undefined Weak Reference
    __cxa_finalize                            - Undefined Weak Reference
    __sigvec_lookup                           - Undefined Weak Reference
    _atexit_init                              - Undefined Weak Reference
    _call_atexit_fns                          - Undefined Weak Reference
    _clock_init                               - Undefined Weak Reference
    _fp_trap_init                             - Undefined Weak Reference
    _fp_trap_shutdown                         - Undefined Weak Reference
    _get_lc_collate                           - Undefined Weak Reference
    _get_lc_ctype                             - Undefined Weak Reference
    _get_lc_monetary                          - Undefined Weak Reference
    _get_lc_time                              - Undefined Weak Reference
    _getenv_init                              - Undefined Weak Reference
    _handle_redirection                       - Undefined Weak Reference
    _init_alloc                               - Undefined Weak Reference
    _init_user_alloc                          - Undefined Weak Reference
    _initio                                   - Undefined Weak Reference
    _mutex_acquire                            - Undefined Weak Reference
    _mutex_release                            - Undefined Weak Reference
    _printf_post_padding                      - Undefined Weak Reference
    _printf_pre_padding                       - Undefined Weak Reference
    _printf_truncate_signed                   - Undefined Weak Reference
    _printf_truncate_unsigned                 - Undefined Weak Reference
    _rand_init                                - Undefined Weak Reference
    _signal_finish                            - Undefined Weak Reference
    _signal_init                              - Undefined Weak Reference
    _terminate_alloc                          - Undefined Weak Reference
    _terminate_user_alloc                     - Undefined Weak Reference
    _terminateio                              - Undefined Weak Reference
    __Vectors_Size                           0x00000188   Number         0  startup_stm32f40_41xxx.o ABSOLUTE
    __Vectors                                0x08000000   Data           4  startup_stm32f40_41xxx.o(RESET)
    __Vectors_End                            0x08000188   Data           0  startup_stm32f40_41xxx.o(RESET)
    __main                                   0x08000189   Thumb Code     8  __main.o(!!!main)
    __scatterload                            0x08000191   Thumb Code     0  __scatter.o(!!!scatter)
    __scatterload_rt2                        0x08000191   Thumb Code    44  __scatter.o(!!!scatter)
    __scatterload_rt2_thumb_only             0x08000191   Thumb Code     0  __scatter.o(!!!scatter)
    __scatterload_null                       0x0800019f   Thumb Code     0  __scatter.o(!!!scatter)
    __decompress                             0x080001c5   Thumb Code    90  __dczerorl2.o(!!dczerorl2)
    __decompress1                            0x080001c5   Thumb Code     0  __dczerorl2.o(!!dczerorl2)
    __scatterload_zeroinit                   0x08000221   Thumb Code    28  __scatter_zi.o(!!handler_zi)
    _printf_f                                0x0800023d   Thumb Code     0  _printf_f.o(.ARM.Collect$$_printf_percent$$00000003)
    _printf_percent                          0x0800023d   Thumb Code     0  _printf_percent.o(.ARM.Collect$$_printf_percent$$00000000)
    _printf_d                                0x08000243   Thumb Code     0  _printf_d.o(.ARM.Collect$$_printf_percent$$00000009)
    _printf_percent_end                      0x08000249   Thumb Code     0  _printf_percent_end.o(.ARM.Collect$$_printf_percent$$00000017)
    __rt_lib_init                            0x0800024d   Thumb Code     0  libinit.o(.ARM.Collect$$libinit$$00000000)
    __rt_lib_init_fp_1                       0x0800024f   Thumb Code     0  libinit2.o(.ARM.Collect$$libinit$$00000001)
    __rt_lib_init_heap_1                     0x08000253   Thumb Code     0  libinit2.o(.ARM.Collect$$libinit$$0000000A)
    __rt_lib_init_lc_common                  0x08000253   Thumb Code     0  libinit2.o(.ARM.Collect$$libinit$$0000000F)
    __rt_lib_init_preinit_1                  0x08000253   Thumb Code     0  libinit2.o(.ARM.Collect$$libinit$$00000004)
    __rt_lib_init_rand_1                     0x08000253   Thumb Code     0  libinit2.o(.ARM.Collect$$libinit$$0000000E)
    __rt_lib_init_user_alloc_1               0x08000253   Thumb Code     0  libinit2.o(.ARM.Collect$$libinit$$0000000C)
    __rt_lib_init_lc_collate_1               0x08000259   Thumb Code     0  libinit2.o(.ARM.Collect$$libinit$$00000011)
    __rt_lib_init_lc_ctype_1                 0x08000259   Thumb Code     0  libinit2.o(.ARM.Collect$$libinit$$00000013)
    __rt_lib_init_lc_monetary_1              0x08000259   Thumb Code     0  libinit2.o(.ARM.Collect$$libinit$$00000015)
    __rt_lib_init_lc_numeric_2               0x08000259   Thumb Code     0  libinit2.o(.ARM.Collect$$libinit$$00000016)
    __rt_lib_init_alloca_1                   0x08000263   Thumb Code     0  libinit2.o(.ARM.Collect$$libinit$$0000002E)
    __rt_lib_init_argv_1                     0x08000263   Thumb Code     0  libinit2.o(.ARM.Collect$$libinit$$0000002C)
    __rt_lib_init_atexit_1                   0x08000263   Thumb Code     0  libinit2.o(.ARM.Collect$$libinit$$0000001B)
    __rt_lib_init_clock_1                    0x08000263   Thumb Code     0  libinit2.o(.ARM.Collect$$libinit$$00000021)
    __rt_lib_init_cpp_1                      0x08000263   Thumb Code     0  libinit2.o(.ARM.Collect$$libinit$$00000032)
    __rt_lib_init_exceptions_1               0x08000263   Thumb Code     0  libinit2.o(.ARM.Collect$$libinit$$00000030)
    __rt_lib_init_fp_trap_1                  0x08000263   Thumb Code     0  libinit2.o(.ARM.Collect$$libinit$$0000001F)
    __rt_lib_init_getenv_1                   0x08000263   Thumb Code     0  libinit2.o(.ARM.Collect$$libinit$$00000023)
    __rt_lib_init_lc_numeric_1               0x08000263   Thumb Code     0  libinit2.o(.ARM.Collect$$libinit$$00000017)
    __rt_lib_init_lc_time_1                  0x08000263   Thumb Code     0  libinit2.o(.ARM.Collect$$libinit$$00000019)
    __rt_lib_init_return                     0x08000263   Thumb Code     0  libinit2.o(.ARM.Collect$$libinit$$00000033)
    __rt_lib_init_signal_1                   0x08000263   Thumb Code     0  libinit2.o(.ARM.Collect$$libinit$$0000001D)
    __rt_lib_init_stdio_1                    0x08000263   Thumb Code     0  libinit2.o(.ARM.Collect$$libinit$$00000025)
    __rt_lib_shutdown                        0x08000265   Thumb Code     0  libshutdown.o(.ARM.Collect$$libshutdown$$00000000)
    __rt_lib_shutdown_cpp_1                  0x08000267   Thumb Code     0  libshutdown2.o(.ARM.Collect$$libshutdown$$00000002)
    __rt_lib_shutdown_fp_trap_1              0x08000267   Thumb Code     0  libshutdown2.o(.ARM.Collect$$libshutdown$$00000007)
    __rt_lib_shutdown_heap_1                 0x08000267   Thumb Code     0  libshutdown2.o(.ARM.Collect$$libshutdown$$0000000F)
    __rt_lib_shutdown_return                 0x08000267   Thumb Code     0  libshutdown2.o(.ARM.Collect$$libshutdown$$00000010)
    __rt_lib_shutdown_signal_1               0x08000267   Thumb Code     0  libshutdown2.o(.ARM.Collect$$libshutdown$$0000000A)
    __rt_lib_shutdown_stdio_1                0x08000267   Thumb Code     0  libshutdown2.o(.ARM.Collect$$libshutdown$$00000004)
    __rt_lib_shutdown_user_alloc_1           0x08000267   Thumb Code     0  libshutdown2.o(.ARM.Collect$$libshutdown$$0000000C)
    __rt_entry                               0x08000269   Thumb Code     0  __rtentry.o(.ARM.Collect$$rtentry$$00000000)
    __rt_entry_presh_1                       0x08000269   Thumb Code     0  __rtentry2.o(.ARM.Collect$$rtentry$$00000002)
    __rt_entry_sh                            0x08000269   Thumb Code     0  __rtentry4.o(.ARM.Collect$$rtentry$$00000004)
    __rt_entry_li                            0x0800026f   Thumb Code     0  __rtentry2.o(.ARM.Collect$$rtentry$$0000000A)
    __rt_entry_postsh_1                      0x0800026f   Thumb Code     0  __rtentry2.o(.ARM.Collect$$rtentry$$00000009)
    __rt_entry_main                          0x08000273   Thumb Code     0  __rtentry2.o(.ARM.Collect$$rtentry$$0000000D)
    __rt_entry_postli_1                      0x08000273   Thumb Code     0  __rtentry2.o(.ARM.Collect$$rtentry$$0000000C)
    __rt_exit                                0x0800027b   Thumb Code     0  rtexit.o(.ARM.Collect$$rtexit$$00000000)
    __rt_exit_ls                             0x0800027d   Thumb Code     0  rtexit2.o(.ARM.Collect$$rtexit$$00000003)
    __rt_exit_prels_1                        0x0800027d   Thumb Code     0  rtexit2.o(.ARM.Collect$$rtexit$$00000002)
    __rt_exit_exit                           0x08000281   Thumb Code     0  rtexit2.o(.ARM.Collect$$rtexit$$00000004)
    main                                     0x08000289   Thumb Code    66  main.o(.text)
    NMI_Handler                              0x080002d1   Thumb Code     2  stm32f4xx_it.o(.text)
    HardFault_Handler                        0x080002d3   Thumb Code     4  stm32f4xx_it.o(.text)
    MemManage_Handler                        0x080002d7   Thumb Code     4  stm32f4xx_it.o(.text)
    BusFault_Handler                         0x080002db   Thumb Code     4  stm32f4xx_it.o(.text)
    UsageFault_Handler                       0x080002df   Thumb Code     4  stm32f4xx_it.o(.text)
    SVC_Handler                              0x080002e3   Thumb Code     2  stm32f4xx_it.o(.text)
    DebugMon_Handler                         0x080002e5   Thumb Code     2  stm32f4xx_it.o(.text)
    PendSV_Handler                           0x080002e7   Thumb Code     2  stm32f4xx_it.o(.text)
    SysTick_Handler                          0x080002e9   Thumb Code     2  stm32f4xx_it.o(.text)
    SystemInit                               0x080003c9   Thumb Code    88  system_stm32f4xx.o(.text)
    SystemCoreClockUpdate                    0x08000421   Thumb Code   174  system_stm32f4xx.o(.text)
    Timer_Task                               0x080004fd   Thumb Code   206  task.o(.text)
    OLED_Task                                0x080005cb   Thumb Code  1154  task.o(.text)
    Motor_Task                               0x08000a4d   Thumb Code    90  task.o(.text)
    Key_Task                                 0x08000aa7   Thumb Code    62  task.o(.text)
    Adc_Task                                 0x08000ae5   Thumb Code     2  task.o(.text)
    Servo_Task                               0x08000ae7   Thumb Code  1440  task.o(.text)
    Usart1_Task                              0x08001087   Thumb Code   144  task.o(.text)
    PS2_Task                                 0x08001117   Thumb Code   664  task.o(.text)
    Data_dump1                               0x080013af   Thumb Code   130  task.o(.text)
    Data_dump4                               0x08001431   Thumb Code   130  task.o(.text)
    Data_dump3                               0x080014b3   Thumb Code   130  task.o(.text)
    Data_dump2                               0x08001535   Thumb Code   268  task.o(.text)
    Do_State                                 0x08001641   Thumb Code   404  task.o(.text)
    Blue_Task                                0x080017d5   Thumb Code   274  task.o(.text)
    Do_Task                                  0x080018e7   Thumb Code   696  task.o(.text)
    LCD_Task                                 0x08001b9f   Thumb Code  1562  task.o(.text)
    IIC_delay                                0x080021dd   Thumb Code    10  oled.o(.text)
    I2C_Stop                                 0x080021e7   Thumb Code    32  oled.o(.text)
    I2C_WaitAck                              0x08002207   Thumb Code    40  oled.o(.text)
    Send_Byte                                0x0800222f   Thumb Code    70  oled.o(.text)
    I2C_Start                                0x08002275   Thumb Code    48  oled.o(.text)
    OLED_WR_Byte                             0x080022a5   Thumb Code    56  oled.o(.text)
    OLED_ColorTurn                           0x080022dd   Thumb Code    28  oled.o(.text)
    OLED_DisplayTurn                         0x080022f9   Thumb Code    44  oled.o(.text)
    OLED_DisPlay_On                          0x08002325   Thumb Code    28  oled.o(.text)
    OLED_DisPlay_Off                         0x08002341   Thumb Code    28  oled.o(.text)
    OLED_Refresh                             0x0800235d   Thumb Code   100  oled.o(.text)
    OLED_Clear                               0x080023c1   Thumb Code    42  oled.o(.text)
    OLED_DrawPoint                           0x080023eb   Thumb Code   114  oled.o(.text)
    OLED_DrawLine                            0x0800245d   Thumb Code   172  oled.o(.text)
    OLED_DrawCircle                          0x08002509   Thumb Code   168  oled.o(.text)
    OLED_ShowChar                            0x080025b1   Thumb Code   308  oled.o(.text)
    OLED_ShowString                          0x080026e5   Thumb Code    74  oled.o(.text)
    OLED_Pow                                 0x0800272f   Thumb Code    22  oled.o(.text)
    OLED_ShowNum                             0x08002745   Thumb Code   140  oled.o(.text)
    OLED_ShowChinese                         0x080027d1   Thumb Code   244  oled.o(.text)
    OLED_ScrollDisplay                       0x080028c5   Thumb Code   168  oled.o(.text)
    OLED_ShowPicture                         0x0800296d   Thumb Code   252  oled.o(.text)
    OLED_Init                                0x08002a69   Thumb Code   282  oled.o(.text)
    TIM2_Init                                0x08002b89   Thumb Code    86  timer.o(.text)
    TIM2_IRQHandler                          0x08002bdf   Thumb Code    44  timer.o(.text)
    Move_PWM_Init                            0x08002c15   Thumb Code   236  motor.o(.text)
    Move_Init                                0x08002d01   Thumb Code   142  motor.o(.text)
    Swing_Init                               0x08002d8f   Thumb Code   132  motor.o(.text)
    Set_Speed                                0x08002e13   Thumb Code   414  motor.o(.text)
    Swing_Control                            0x08002fb1   Thumb Code   170  motor.o(.text)
    Encoder_Init_TIM5                        0x08003065   Thumb Code   178  encoder.o(.text)
    Encoder_Init_TIM4                        0x08003117   Thumb Code   180  encoder.o(.text)
    Encoder_Init                             0x080031cb   Thumb Code    12  encoder.o(.text)
    Read_Encoder                             0x080031d7   Thumb Code    60  encoder.o(.text)
    TIM5_IRQHandler                          0x08003213   Thumb Code    24  encoder.o(.text)
    TIM4_IRQHandler                          0x0800322b   Thumb Code    24  encoder.o(.text)
    TIM14_Init                               0x08003255   Thumb Code    84  motor42.o(.text)
    Control_42_y2                            0x080032a9   Thumb Code    88  motor42.o(.text)
    Control_42_x2                            0x08003301   Thumb Code    92  motor42.o(.text)
    Balance2                                 0x0800335d   Thumb Code   276  motor42.o(.text)
    Control_42_y1                            0x08003471   Thumb Code    92  motor42.o(.text)
    Control_42_x1                            0x080034cd   Thumb Code    92  motor42.o(.text)
    Balance1                                 0x08003529   Thumb Code   276  motor42.o(.text)
    Control_57                               0x0800363d   Thumb Code   202  motor42.o(.text)
    Dist_57                                  0x08003707   Thumb Code    60  motor42.o(.text)
    TIM8_TRG_COM_TIM14_IRQHandler            0x08003743   Thumb Code   538  motor42.o(.text)
    Motor42_Init                             0x0800395d   Thumb Code   336  motor42.o(.text)
    uart2_init                               0x08003afd   Thumb Code   166  bluebooth.o(.text)
    Serial_SendByte                          0x08003ba3   Thumb Code    28  bluebooth.o(.text)
    Serial_SendArray                         0x08003bbf   Thumb Code    26  bluebooth.o(.text)
    USART2_IRQHandler                        0x08003bd9   Thumb Code    44  bluebooth.o(.text)
    PS2_Init                                 0x08003c15   Thumb Code   150  ps2.o(.text)
    PS2_ScanKey                              0x08003d01   Thumb Code    98  ps2.o(.text)
    KEY_Init                                 0x08003d79   Thumb Code    62  key.o(.text)
    KEY_Scan                                 0x08003db7   Thumb Code    86  key.o(.text)
    uart3_init                               0x08003e19   Thumb Code   164  usart3.o(.text)
    Read_Usart3                              0x08003ebd   Thumb Code   216  usart3.o(.text)
    USART3_IRQHandler                        0x08003f95   Thumb Code    90  usart3.o(.text)
    LED_Init                                 0x0800403d   Thumb Code    56  led.o(.text)
    uart4_init                               0x08004079   Thumb Code   164  angle.o(.text)
    Read_Uart4                               0x0800411d   Thumb Code   216  angle.o(.text)
    UART4_IRQHandler                         0x080041f5   Thumb Code    90  angle.o(.text)
    uart5_init                               0x0800424f   Thumb Code   198  angle.o(.text)
    Read_Uart5                               0x08004315   Thumb Code   216  angle.o(.text)
    UART5_IRQHandler                         0x080043ed   Thumb Code   108  angle.o(.text)
    Servo_Init                               0x080044e9   Thumb Code   188  servo.o(.text)
    Servo2_Init                              0x080045a5   Thumb Code   166  servo.o(.text)
    Servo3_Init                              0x0800464b   Thumb Code   166  servo.o(.text)
    Set_Servo_E5                             0x080046f1   Thumb Code    14  servo.o(.text)
    Set_Servo_E6                             0x080046ff   Thumb Code    14  servo.o(.text)
    Set_Servo_C9                             0x0800470d   Thumb Code    14  servo.o(.text)
    Set_Servo_B8                             0x0800471b   Thumb Code    14  servo.o(.text)
    delay_init                               0x08004751   Thumb Code    52  delay.o(.text)
    delay_us                                 0x08004785   Thumb Code    72  delay.o(.text)
    delay_xms                                0x080047cd   Thumb Code    72  delay.o(.text)
    delay_ms                                 0x08004815   Thumb Code    56  delay.o(.text)
    System_Init                              0x08004855   Thumb Code   200  sys.o(.text)
    _sys_exit                                0x08004929   Thumb Code     4  usart.o(.text)
    fputc                                    0x0800492d   Thumb Code    22  usart.o(.text)
    uart_init                                0x08004943   Thumb Code   164  usart.o(.text)
    USART1_IRQHandler                        0x080049e7   Thumb Code   378  usart.o(.text)
    Reset_Handler                            0x08004b79   Thumb Code     8  startup_stm32f40_41xxx.o(.text)
    ADC_IRQHandler                           0x08004b93   Thumb Code     0  startup_stm32f40_41xxx.o(.text)
    CAN1_RX0_IRQHandler                      0x08004b93   Thumb Code     0  startup_stm32f40_41xxx.o(.text)
    CAN1_RX1_IRQHandler                      0x08004b93   Thumb Code     0  startup_stm32f40_41xxx.o(.text)
    CAN1_SCE_IRQHandler                      0x08004b93   Thumb Code     0  startup_stm32f40_41xxx.o(.text)
    CAN1_TX_IRQHandler                       0x08004b93   Thumb Code     0  startup_stm32f40_41xxx.o(.text)
    CAN2_RX0_IRQHandler                      0x08004b93   Thumb Code     0  startup_stm32f40_41xxx.o(.text)
    CAN2_RX1_IRQHandler                      0x08004b93   Thumb Code     0  startup_stm32f40_41xxx.o(.text)
    CAN2_SCE_IRQHandler                      0x08004b93   Thumb Code     0  startup_stm32f40_41xxx.o(.text)
    CAN2_TX_IRQHandler                       0x08004b93   Thumb Code     0  startup_stm32f40_41xxx.o(.text)
    CRYP_IRQHandler                          0x08004b93   Thumb Code     0  startup_stm32f40_41xxx.o(.text)
    DCMI_IRQHandler                          0x08004b93   Thumb Code     0  startup_stm32f40_41xxx.o(.text)
    DMA1_Stream0_IRQHandler                  0x08004b93   Thumb Code     0  startup_stm32f40_41xxx.o(.text)
    DMA1_Stream1_IRQHandler                  0x08004b93   Thumb Code     0  startup_stm32f40_41xxx.o(.text)
    DMA1_Stream2_IRQHandler                  0x08004b93   Thumb Code     0  startup_stm32f40_41xxx.o(.text)
    DMA1_Stream3_IRQHandler                  0x08004b93   Thumb Code     0  startup_stm32f40_41xxx.o(.text)
    DMA1_Stream4_IRQHandler                  0x08004b93   Thumb Code     0  startup_stm32f40_41xxx.o(.text)
    DMA1_Stream5_IRQHandler                  0x08004b93   Thumb Code     0  startup_stm32f40_41xxx.o(.text)
    DMA1_Stream6_IRQHandler                  0x08004b93   Thumb Code     0  startup_stm32f40_41xxx.o(.text)
    DMA1_Stream7_IRQHandler                  0x08004b93   Thumb Code     0  startup_stm32f40_41xxx.o(.text)
    DMA2_Stream0_IRQHandler                  0x08004b93   Thumb Code     0  startup_stm32f40_41xxx.o(.text)
    DMA2_Stream1_IRQHandler                  0x08004b93   Thumb Code     0  startup_stm32f40_41xxx.o(.text)
    DMA2_Stream2_IRQHandler                  0x08004b93   Thumb Code     0  startup_stm32f40_41xxx.o(.text)
    DMA2_Stream3_IRQHandler                  0x08004b93   Thumb Code     0  startup_stm32f40_41xxx.o(.text)
    DMA2_Stream4_IRQHandler                  0x08004b93   Thumb Code     0  startup_stm32f40_41xxx.o(.text)
    DMA2_Stream5_IRQHandler                  0x08004b93   Thumb Code     0  startup_stm32f40_41xxx.o(.text)
    DMA2_Stream6_IRQHandler                  0x08004b93   Thumb Code     0  startup_stm32f40_41xxx.o(.text)
    DMA2_Stream7_IRQHandler                  0x08004b93   Thumb Code     0  startup_stm32f40_41xxx.o(.text)
    ETH_IRQHandler                           0x08004b93   Thumb Code     0  startup_stm32f40_41xxx.o(.text)
    ETH_WKUP_IRQHandler                      0x08004b93   Thumb Code     0  startup_stm32f40_41xxx.o(.text)
    EXTI0_IRQHandler                         0x08004b93   Thumb Code     0  startup_stm32f40_41xxx.o(.text)
    EXTI15_10_IRQHandler                     0x08004b93   Thumb Code     0  startup_stm32f40_41xxx.o(.text)
    EXTI1_IRQHandler                         0x08004b93   Thumb Code     0  startup_stm32f40_41xxx.o(.text)
    EXTI2_IRQHandler                         0x08004b93   Thumb Code     0  startup_stm32f40_41xxx.o(.text)
    EXTI3_IRQHandler                         0x08004b93   Thumb Code     0  startup_stm32f40_41xxx.o(.text)
    EXTI4_IRQHandler                         0x08004b93   Thumb Code     0  startup_stm32f40_41xxx.o(.text)
    EXTI9_5_IRQHandler                       0x08004b93   Thumb Code     0  startup_stm32f40_41xxx.o(.text)
    FLASH_IRQHandler                         0x08004b93   Thumb Code     0  startup_stm32f40_41xxx.o(.text)
    FPU_IRQHandler                           0x08004b93   Thumb Code     0  startup_stm32f40_41xxx.o(.text)
    FSMC_IRQHandler                          0x08004b93   Thumb Code     0  startup_stm32f40_41xxx.o(.text)
    HASH_RNG_IRQHandler                      0x08004b93   Thumb Code     0  startup_stm32f40_41xxx.o(.text)
    I2C1_ER_IRQHandler                       0x08004b93   Thumb Code     0  startup_stm32f40_41xxx.o(.text)
    I2C1_EV_IRQHandler                       0x08004b93   Thumb Code     0  startup_stm32f40_41xxx.o(.text)
    I2C2_ER_IRQHandler                       0x08004b93   Thumb Code     0  startup_stm32f40_41xxx.o(.text)
    I2C2_EV_IRQHandler                       0x08004b93   Thumb Code     0  startup_stm32f40_41xxx.o(.text)
    I2C3_ER_IRQHandler                       0x08004b93   Thumb Code     0  startup_stm32f40_41xxx.o(.text)
    I2C3_EV_IRQHandler                       0x08004b93   Thumb Code     0  startup_stm32f40_41xxx.o(.text)
    OTG_FS_IRQHandler                        0x08004b93   Thumb Code     0  startup_stm32f40_41xxx.o(.text)
    OTG_FS_WKUP_IRQHandler                   0x08004b93   Thumb Code     0  startup_stm32f40_41xxx.o(.text)
    OTG_HS_EP1_IN_IRQHandler                 0x08004b93   Thumb Code     0  startup_stm32f40_41xxx.o(.text)
    OTG_HS_EP1_OUT_IRQHandler                0x08004b93   Thumb Code     0  startup_stm32f40_41xxx.o(.text)
    OTG_HS_IRQHandler                        0x08004b93   Thumb Code     0  startup_stm32f40_41xxx.o(.text)
    OTG_HS_WKUP_IRQHandler                   0x08004b93   Thumb Code     0  startup_stm32f40_41xxx.o(.text)
    PVD_IRQHandler                           0x08004b93   Thumb Code     0  startup_stm32f40_41xxx.o(.text)
    RCC_IRQHandler                           0x08004b93   Thumb Code     0  startup_stm32f40_41xxx.o(.text)
    RTC_Alarm_IRQHandler                     0x08004b93   Thumb Code     0  startup_stm32f40_41xxx.o(.text)
    RTC_WKUP_IRQHandler                      0x08004b93   Thumb Code     0  startup_stm32f40_41xxx.o(.text)
    SDIO_IRQHandler                          0x08004b93   Thumb Code     0  startup_stm32f40_41xxx.o(.text)
    SPI1_IRQHandler                          0x08004b93   Thumb Code     0  startup_stm32f40_41xxx.o(.text)
    SPI2_IRQHandler                          0x08004b93   Thumb Code     0  startup_stm32f40_41xxx.o(.text)
    SPI3_IRQHandler                          0x08004b93   Thumb Code     0  startup_stm32f40_41xxx.o(.text)
    TAMP_STAMP_IRQHandler                    0x08004b93   Thumb Code     0  startup_stm32f40_41xxx.o(.text)
    TIM1_BRK_TIM9_IRQHandler                 0x08004b93   Thumb Code     0  startup_stm32f40_41xxx.o(.text)
    TIM1_CC_IRQHandler                       0x08004b93   Thumb Code     0  startup_stm32f40_41xxx.o(.text)
    TIM1_TRG_COM_TIM11_IRQHandler            0x08004b93   Thumb Code     0  startup_stm32f40_41xxx.o(.text)
    TIM1_UP_TIM10_IRQHandler                 0x08004b93   Thumb Code     0  startup_stm32f40_41xxx.o(.text)
    TIM3_IRQHandler                          0x08004b93   Thumb Code     0  startup_stm32f40_41xxx.o(.text)
    TIM6_DAC_IRQHandler                      0x08004b93   Thumb Code     0  startup_stm32f40_41xxx.o(.text)
    TIM7_IRQHandler                          0x08004b93   Thumb Code     0  startup_stm32f40_41xxx.o(.text)
    TIM8_BRK_TIM12_IRQHandler                0x08004b93   Thumb Code     0  startup_stm32f40_41xxx.o(.text)
    TIM8_CC_IRQHandler                       0x08004b93   Thumb Code     0  startup_stm32f40_41xxx.o(.text)
    TIM8_UP_TIM13_IRQHandler                 0x08004b93   Thumb Code     0  startup_stm32f40_41xxx.o(.text)
    USART6_IRQHandler                        0x08004b93   Thumb Code     0  startup_stm32f40_41xxx.o(.text)
    WWDG_IRQHandler                          0x08004b93   Thumb Code     0  startup_stm32f40_41xxx.o(.text)
    __user_initial_stackheap                 0x08004b95   Thumb Code     0  startup_stm32f40_41xxx.o(.text)
    NVIC_PriorityGroupConfig                 0x08004bb9   Thumb Code    10  misc.o(.text)
    NVIC_Init                                0x08004bc3   Thumb Code   106  misc.o(.text)
    NVIC_SetVectorTable                      0x08004c2d   Thumb Code    14  misc.o(.text)
    NVIC_SystemLPConfig                      0x08004c3b   Thumb Code    34  misc.o(.text)
    SysTick_CLKSourceConfig                  0x08004c5d   Thumb Code    40  misc.o(.text)
    GPIO_DeInit                              0x08004c99   Thumb Code   268  stm32f4xx_gpio.o(.text)
    GPIO_Init                                0x08004da5   Thumb Code   144  stm32f4xx_gpio.o(.text)
    GPIO_StructInit                          0x08004e35   Thumb Code    18  stm32f4xx_gpio.o(.text)
    GPIO_PinLockConfig                       0x08004e47   Thumb Code    34  stm32f4xx_gpio.o(.text)
    GPIO_ReadInputDataBit                    0x08004e69   Thumb Code    18  stm32f4xx_gpio.o(.text)
    GPIO_ReadInputData                       0x08004e7b   Thumb Code     8  stm32f4xx_gpio.o(.text)
    GPIO_ReadOutputDataBit                   0x08004e83   Thumb Code    18  stm32f4xx_gpio.o(.text)
    GPIO_ReadOutputData                      0x08004e95   Thumb Code     8  stm32f4xx_gpio.o(.text)
    GPIO_SetBits                             0x08004e9d   Thumb Code     4  stm32f4xx_gpio.o(.text)
    GPIO_ResetBits                           0x08004ea1   Thumb Code     4  stm32f4xx_gpio.o(.text)
    GPIO_WriteBit                            0x08004ea5   Thumb Code    10  stm32f4xx_gpio.o(.text)
    GPIO_Write                               0x08004eaf   Thumb Code     4  stm32f4xx_gpio.o(.text)
    GPIO_ToggleBits                          0x08004eb3   Thumb Code     8  stm32f4xx_gpio.o(.text)
    GPIO_PinAFConfig                         0x08004ebb   Thumb Code    70  stm32f4xx_gpio.o(.text)
    RCC_DeInit                               0x08004f2d   Thumb Code    82  stm32f4xx_rcc.o(.text)
    RCC_HSEConfig                            0x08004f7f   Thumb Code    14  stm32f4xx_rcc.o(.text)
    RCC_GetFlagStatus                        0x08004f8d   Thumb Code    60  stm32f4xx_rcc.o(.text)
    RCC_WaitForHSEStartUp                    0x08004fc9   Thumb Code    56  stm32f4xx_rcc.o(.text)
    RCC_AdjustHSICalibrationValue            0x08005001   Thumb Code    20  stm32f4xx_rcc.o(.text)
    RCC_HSICmd                               0x08005015   Thumb Code     6  stm32f4xx_rcc.o(.text)
    RCC_LSEConfig                            0x0800501b   Thumb Code    46  stm32f4xx_rcc.o(.text)
    RCC_LSICmd                               0x08005049   Thumb Code     6  stm32f4xx_rcc.o(.text)
    RCC_PLLConfig                            0x0800504f   Thumb Code    32  stm32f4xx_rcc.o(.text)
    RCC_PLLCmd                               0x0800506f   Thumb Code     6  stm32f4xx_rcc.o(.text)
    RCC_PLLI2SConfig                         0x08005075   Thumb Code    14  stm32f4xx_rcc.o(.text)
    RCC_PLLI2SCmd                            0x08005083   Thumb Code     6  stm32f4xx_rcc.o(.text)
    RCC_PLLSAIConfig                         0x08005089   Thumb Code    20  stm32f4xx_rcc.o(.text)
    RCC_PLLSAICmd                            0x0800509d   Thumb Code     6  stm32f4xx_rcc.o(.text)
    RCC_ClockSecuritySystemCmd               0x080050a3   Thumb Code     6  stm32f4xx_rcc.o(.text)
    RCC_MCO1Config                           0x080050a9   Thumb Code    28  stm32f4xx_rcc.o(.text)
    RCC_MCO2Config                           0x080050c5   Thumb Code    28  stm32f4xx_rcc.o(.text)
    RCC_SYSCLKConfig                         0x080050e1   Thumb Code    20  stm32f4xx_rcc.o(.text)
    RCC_GetSYSCLKSource                      0x080050f5   Thumb Code    12  stm32f4xx_rcc.o(.text)
    RCC_HCLKConfig                           0x08005101   Thumb Code    20  stm32f4xx_rcc.o(.text)
    RCC_PCLK1Config                          0x08005115   Thumb Code    20  stm32f4xx_rcc.o(.text)
    RCC_PCLK2Config                          0x08005129   Thumb Code    22  stm32f4xx_rcc.o(.text)
    RCC_GetClocksFreq                        0x0800513f   Thumb Code   222  stm32f4xx_rcc.o(.text)
    RCC_RTCCLKConfig                         0x0800521d   Thumb Code    54  stm32f4xx_rcc.o(.text)
    RCC_RTCCLKCmd                            0x08005253   Thumb Code     8  stm32f4xx_rcc.o(.text)
    RCC_BackupResetCmd                       0x0800525b   Thumb Code     8  stm32f4xx_rcc.o(.text)
    RCC_I2SCLKConfig                         0x08005263   Thumb Code     6  stm32f4xx_rcc.o(.text)
    RCC_SAIPLLI2SClkDivConfig                0x08005269   Thumb Code    26  stm32f4xx_rcc.o(.text)
    RCC_SAIPLLSAIClkDivConfig                0x08005283   Thumb Code    28  stm32f4xx_rcc.o(.text)
    RCC_SAIBlockACLKConfig                   0x0800529f   Thumb Code    20  stm32f4xx_rcc.o(.text)
    RCC_SAIBlockBCLKConfig                   0x080052b3   Thumb Code    20  stm32f4xx_rcc.o(.text)
    RCC_LTDCCLKDivConfig                     0x080052c7   Thumb Code    20  stm32f4xx_rcc.o(.text)
    RCC_TIMCLKPresConfig                     0x080052db   Thumb Code     6  stm32f4xx_rcc.o(.text)
    RCC_AHB1PeriphClockCmd                   0x080052e1   Thumb Code    34  stm32f4xx_rcc.o(.text)
    RCC_AHB2PeriphClockCmd                   0x08005303   Thumb Code    78  stm32f4xx_rcc.o(.text)
    RCC_AHB3PeriphClockCmd                   0x08005351   Thumb Code    34  stm32f4xx_rcc.o(.text)
    RCC_APB1PeriphClockCmd                   0x08005373   Thumb Code    34  stm32f4xx_rcc.o(.text)
    RCC_APB2PeriphClockCmd                   0x08005395   Thumb Code    34  stm32f4xx_rcc.o(.text)
    RCC_AHB1PeriphResetCmd                   0x080053b7   Thumb Code    34  stm32f4xx_rcc.o(.text)
    RCC_AHB2PeriphResetCmd                   0x080053d9   Thumb Code    34  stm32f4xx_rcc.o(.text)
    RCC_AHB3PeriphResetCmd                   0x080053fb   Thumb Code    34  stm32f4xx_rcc.o(.text)
    RCC_APB1PeriphResetCmd                   0x0800541d   Thumb Code    34  stm32f4xx_rcc.o(.text)
    RCC_APB2PeriphResetCmd                   0x0800543f   Thumb Code    34  stm32f4xx_rcc.o(.text)
    RCC_AHB1PeriphClockLPModeCmd             0x08005461   Thumb Code    34  stm32f4xx_rcc.o(.text)
    RCC_AHB2PeriphClockLPModeCmd             0x08005483   Thumb Code    34  stm32f4xx_rcc.o(.text)
    RCC_AHB3PeriphClockLPModeCmd             0x080054a5   Thumb Code    34  stm32f4xx_rcc.o(.text)
    RCC_APB1PeriphClockLPModeCmd             0x080054c7   Thumb Code    34  stm32f4xx_rcc.o(.text)
    RCC_APB2PeriphClockLPModeCmd             0x080054e9   Thumb Code    34  stm32f4xx_rcc.o(.text)
    RCC_LSEModeConfig                        0x0800550b   Thumb Code    40  stm32f4xx_rcc.o(.text)
    RCC_ITConfig                             0x08005533   Thumb Code    34  stm32f4xx_rcc.o(.text)
    RCC_ClearFlag                            0x08005555   Thumb Code    18  stm32f4xx_rcc.o(.text)
    RCC_GetITStatus                          0x08005567   Thumb Code    22  stm32f4xx_rcc.o(.text)
    RCC_ClearITPendingBit                    0x0800557d   Thumb Code     8  stm32f4xx_rcc.o(.text)
    USART_DeInit                             0x08005589   Thumb Code   206  stm32f4xx_usart.o(.text)
    USART_Init                               0x08005657   Thumb Code   204  stm32f4xx_usart.o(.text)
    USART_StructInit                         0x08005723   Thumb Code    24  stm32f4xx_usart.o(.text)
    USART_ClockInit                          0x0800573b   Thumb Code    32  stm32f4xx_usart.o(.text)
    USART_ClockStructInit                    0x0800575b   Thumb Code    12  stm32f4xx_usart.o(.text)
    USART_Cmd                                0x08005767   Thumb Code    24  stm32f4xx_usart.o(.text)
    USART_SetPrescaler                       0x0800577f   Thumb Code    16  stm32f4xx_usart.o(.text)
    USART_OverSampling8Cmd                   0x0800578f   Thumb Code    22  stm32f4xx_usart.o(.text)
    USART_OneBitMethodCmd                    0x080057a5   Thumb Code    24  stm32f4xx_usart.o(.text)
    USART_SendData                           0x080057bd   Thumb Code     8  stm32f4xx_usart.o(.text)
    USART_ReceiveData                        0x080057c5   Thumb Code    10  stm32f4xx_usart.o(.text)
    USART_SetAddress                         0x080057cf   Thumb Code    18  stm32f4xx_usart.o(.text)
    USART_ReceiverWakeUpCmd                  0x080057e1   Thumb Code    24  stm32f4xx_usart.o(.text)
    USART_WakeUpConfig                       0x080057f9   Thumb Code    18  stm32f4xx_usart.o(.text)
    USART_LINBreakDetectLengthConfig         0x0800580b   Thumb Code    18  stm32f4xx_usart.o(.text)
    USART_LINCmd                             0x0800581d   Thumb Code    24  stm32f4xx_usart.o(.text)
    USART_SendBreak                          0x08005835   Thumb Code    10  stm32f4xx_usart.o(.text)
    USART_HalfDuplexCmd                      0x0800583f   Thumb Code    24  stm32f4xx_usart.o(.text)
    USART_SetGuardTime                       0x08005857   Thumb Code    16  stm32f4xx_usart.o(.text)
    USART_SmartCardCmd                       0x08005867   Thumb Code    24  stm32f4xx_usart.o(.text)
    USART_SmartCardNACKCmd                   0x0800587f   Thumb Code    24  stm32f4xx_usart.o(.text)
    USART_IrDAConfig                         0x08005897   Thumb Code    18  stm32f4xx_usart.o(.text)
    USART_IrDACmd                            0x080058a9   Thumb Code    24  stm32f4xx_usart.o(.text)
    USART_DMACmd                             0x080058c1   Thumb Code    18  stm32f4xx_usart.o(.text)
    USART_ITConfig                           0x080058d3   Thumb Code    74  stm32f4xx_usart.o(.text)
    USART_GetFlagStatus                      0x0800591d   Thumb Code    26  stm32f4xx_usart.o(.text)
    USART_ClearFlag                          0x08005937   Thumb Code    18  stm32f4xx_usart.o(.text)
    USART_GetITStatus                        0x08005949   Thumb Code   118  stm32f4xx_usart.o(.text)
    USART_ClearITPendingBit                  0x080059bf   Thumb Code    30  stm32f4xx_usart.o(.text)
    TIM_DeInit                               0x080059dd   Thumb Code   346  stm32f4xx_tim.o(.text)
    TIM_TimeBaseInit                         0x08005b37   Thumb Code   104  stm32f4xx_tim.o(.text)
    TIM_TimeBaseStructInit                   0x08005b9f   Thumb Code    18  stm32f4xx_tim.o(.text)
    TIM_PrescalerConfig                      0x08005bb1   Thumb Code     6  stm32f4xx_tim.o(.text)
    TIM_CounterModeConfig                    0x08005bb7   Thumb Code    18  stm32f4xx_tim.o(.text)
    TIM_SetCounter                           0x08005bc9   Thumb Code     4  stm32f4xx_tim.o(.text)
    TIM_SetAutoreload                        0x08005bcd   Thumb Code     4  stm32f4xx_tim.o(.text)
    TIM_GetCounter                           0x08005bd1   Thumb Code     6  stm32f4xx_tim.o(.text)
    TIM_GetPrescaler                         0x08005bd7   Thumb Code     6  stm32f4xx_tim.o(.text)
    TIM_UpdateDisableConfig                  0x08005bdd   Thumb Code    24  stm32f4xx_tim.o(.text)
    TIM_UpdateRequestConfig                  0x08005bf5   Thumb Code    24  stm32f4xx_tim.o(.text)
    TIM_ARRPreloadConfig                     0x08005c0d   Thumb Code    24  stm32f4xx_tim.o(.text)
    TIM_SelectOnePulseMode                   0x08005c25   Thumb Code    18  stm32f4xx_tim.o(.text)
    TIM_SetClockDivision                     0x08005c37   Thumb Code    18  stm32f4xx_tim.o(.text)
    TIM_Cmd                                  0x08005c49   Thumb Code    24  stm32f4xx_tim.o(.text)
    TIM_OC1Init                              0x08005c61   Thumb Code   114  stm32f4xx_tim.o(.text)
    TIM_OC2Init                              0x08005cd3   Thumb Code   154  stm32f4xx_tim.o(.text)
    TIM_OC3Init                              0x08005d6d   Thumb Code   204  stm32f4xx_tim.o(.text)
    TIM_OC4Init                              0x08005e39   Thumb Code   112  stm32f4xx_tim.o(.text)
    TIM_OCStructInit                         0x08005ea9   Thumb Code    20  stm32f4xx_tim.o(.text)
    TIM_SelectOCxM                           0x08005ebd   Thumb Code    86  stm32f4xx_tim.o(.text)
    TIM_SetCompare1                          0x08005f13   Thumb Code     4  stm32f4xx_tim.o(.text)
    TIM_SetCompare2                          0x08005f17   Thumb Code     4  stm32f4xx_tim.o(.text)
    TIM_SetCompare3                          0x08005f1b   Thumb Code     4  stm32f4xx_tim.o(.text)
    TIM_SetCompare4                          0x08005f1f   Thumb Code     4  stm32f4xx_tim.o(.text)
    TIM_ForcedOC1Config                      0x08005f23   Thumb Code    18  stm32f4xx_tim.o(.text)
    TIM_ForcedOC2Config                      0x08005f35   Thumb Code    26  stm32f4xx_tim.o(.text)
    TIM_ForcedOC3Config                      0x08005f4f   Thumb Code    18  stm32f4xx_tim.o(.text)
    TIM_ForcedOC4Config                      0x08005f61   Thumb Code    26  stm32f4xx_tim.o(.text)
    TIM_OC1PreloadConfig                     0x08005f7b   Thumb Code    18  stm32f4xx_tim.o(.text)
    TIM_OC2PreloadConfig                     0x08005f8d   Thumb Code    26  stm32f4xx_tim.o(.text)
    TIM_OC3PreloadConfig                     0x08005fa7   Thumb Code    18  stm32f4xx_tim.o(.text)
    TIM_OC4PreloadConfig                     0x08005fb9   Thumb Code    26  stm32f4xx_tim.o(.text)
    TIM_OC1FastConfig                        0x08005fd3   Thumb Code    18  stm32f4xx_tim.o(.text)
    TIM_OC2FastConfig                        0x08005fe5   Thumb Code    26  stm32f4xx_tim.o(.text)
    TIM_OC3FastConfig                        0x08005fff   Thumb Code    18  stm32f4xx_tim.o(.text)
    TIM_OC4FastConfig                        0x08006011   Thumb Code    26  stm32f4xx_tim.o(.text)
    TIM_ClearOC1Ref                          0x0800602b   Thumb Code    18  stm32f4xx_tim.o(.text)
    TIM_ClearOC2Ref                          0x0800603d   Thumb Code    24  stm32f4xx_tim.o(.text)
    TIM_ClearOC3Ref                          0x08006055   Thumb Code    18  stm32f4xx_tim.o(.text)
    TIM_ClearOC4Ref                          0x08006067   Thumb Code    24  stm32f4xx_tim.o(.text)
    TIM_OC1PolarityConfig                    0x0800607f   Thumb Code    18  stm32f4xx_tim.o(.text)
    TIM_OC1NPolarityConfig                   0x08006091   Thumb Code    18  stm32f4xx_tim.o(.text)
    TIM_OC2PolarityConfig                    0x080060a3   Thumb Code    26  stm32f4xx_tim.o(.text)
    TIM_OC2NPolarityConfig                   0x080060bd   Thumb Code    26  stm32f4xx_tim.o(.text)
    TIM_OC3PolarityConfig                    0x080060d7   Thumb Code    26  stm32f4xx_tim.o(.text)
    TIM_OC3NPolarityConfig                   0x080060f1   Thumb Code    26  stm32f4xx_tim.o(.text)
    TIM_OC4PolarityConfig                    0x0800610b   Thumb Code    26  stm32f4xx_tim.o(.text)
    TIM_CCxCmd                               0x08006125   Thumb Code    30  stm32f4xx_tim.o(.text)
    TIM_CCxNCmd                              0x08006143   Thumb Code    30  stm32f4xx_tim.o(.text)
    TIM_SetIC4Prescaler                      0x08006161   Thumb Code    26  stm32f4xx_tim.o(.text)
    TIM_SetIC3Prescaler                      0x080061cb   Thumb Code    18  stm32f4xx_tim.o(.text)
    TIM_SetIC2Prescaler                      0x08006225   Thumb Code    26  stm32f4xx_tim.o(.text)
    TIM_SetIC1Prescaler                      0x08006299   Thumb Code    18  stm32f4xx_tim.o(.text)
    TIM_ICInit                               0x080062e5   Thumb Code   110  stm32f4xx_tim.o(.text)
    TIM_ICStructInit                         0x08006353   Thumb Code    18  stm32f4xx_tim.o(.text)
    TIM_PWMIConfig                           0x08006365   Thumb Code   124  stm32f4xx_tim.o(.text)
    TIM_GetCapture1                          0x080063e1   Thumb Code     6  stm32f4xx_tim.o(.text)
    TIM_GetCapture2                          0x080063e7   Thumb Code     6  stm32f4xx_tim.o(.text)
    TIM_GetCapture3                          0x080063ed   Thumb Code     6  stm32f4xx_tim.o(.text)
    TIM_GetCapture4                          0x080063f3   Thumb Code     6  stm32f4xx_tim.o(.text)
    TIM_BDTRConfig                           0x080063f9   Thumb Code    32  stm32f4xx_tim.o(.text)
    TIM_BDTRStructInit                       0x08006419   Thumb Code    18  stm32f4xx_tim.o(.text)
    TIM_CtrlPWMOutputs                       0x0800642b   Thumb Code    30  stm32f4xx_tim.o(.text)
    TIM_SelectCOM                            0x08006449   Thumb Code    24  stm32f4xx_tim.o(.text)
    TIM_CCPreloadControl                     0x08006461   Thumb Code    24  stm32f4xx_tim.o(.text)
    TIM_ITConfig                             0x08006479   Thumb Code    18  stm32f4xx_tim.o(.text)
    TIM_GenerateEvent                        0x0800648b   Thumb Code     4  stm32f4xx_tim.o(.text)
    TIM_GetFlagStatus                        0x0800648f   Thumb Code    18  stm32f4xx_tim.o(.text)
    TIM_ClearFlag                            0x080064a1   Thumb Code     6  stm32f4xx_tim.o(.text)
    TIM_GetITStatus                          0x080064a7   Thumb Code    34  stm32f4xx_tim.o(.text)
    TIM_ClearITPendingBit                    0x080064c9   Thumb Code     6  stm32f4xx_tim.o(.text)
    TIM_DMAConfig                            0x080064cf   Thumb Code    10  stm32f4xx_tim.o(.text)
    TIM_DMACmd                               0x080064d9   Thumb Code    18  stm32f4xx_tim.o(.text)
    TIM_SelectCCDMA                          0x080064eb   Thumb Code    24  stm32f4xx_tim.o(.text)
    TIM_InternalClockConfig                  0x08006503   Thumb Code    12  stm32f4xx_tim.o(.text)
    TIM_SelectInputTrigger                   0x0800650f   Thumb Code    18  stm32f4xx_tim.o(.text)
    TIM_ITRxExternalClockConfig              0x08006521   Thumb Code    24  stm32f4xx_tim.o(.text)
    TIM_TIxExternalClockConfig               0x08006539   Thumb Code    62  stm32f4xx_tim.o(.text)
    TIM_ETRConfig                            0x08006577   Thumb Code    28  stm32f4xx_tim.o(.text)
    TIM_ETRClockMode1Config                  0x08006593   Thumb Code    54  stm32f4xx_tim.o(.text)
    TIM_ETRClockMode2Config                  0x080065c9   Thumb Code    32  stm32f4xx_tim.o(.text)
    TIM_SelectOutputTrigger                  0x080065e9   Thumb Code    18  stm32f4xx_tim.o(.text)
    TIM_SelectSlaveMode                      0x080065fb   Thumb Code    18  stm32f4xx_tim.o(.text)
    TIM_SelectMasterSlaveMode                0x0800660d   Thumb Code    18  stm32f4xx_tim.o(.text)
    TIM_EncoderInterfaceConfig               0x0800661f   Thumb Code    66  stm32f4xx_tim.o(.text)
    TIM_SelectHallSensor                     0x08006661   Thumb Code    24  stm32f4xx_tim.o(.text)
    TIM_RemapConfig                          0x08006679   Thumb Code     6  stm32f4xx_tim.o(.text)
    __use_no_semihosting                     0x0800667f   Thumb Code     2  use_no_semi_2.o(.text)
    __2printf                                0x08006681   Thumb Code    20  noretval__2printf.o(.text)
    _printf_int_dec                          0x08006699   Thumb Code   104  _printf_dec.o(.text)
    __printf                                 0x08006711   Thumb Code   270  __printf_wp.o(.text)
    __use_two_region_memory                  0x0800681f   Thumb Code     2  heapauxi.o(.text)
    __rt_heap_escrow$2region                 0x08006821   Thumb Code     2  heapauxi.o(.text)
    __rt_heap_expand$2region                 0x08006823   Thumb Code     2  heapauxi.o(.text)
    __I$use$semihosting                      0x08006825   Thumb Code     0  use_no_semi.o(.text)
    __use_no_semihosting_swi                 0x08006825   Thumb Code     2  use_no_semi.o(.text)
    _printf_int_common                       0x08006827   Thumb Code   178  _printf_intcommon.o(.text)
    __lib_sel_fp_printf                      0x080068d9   Thumb Code     2  _printf_fp_dec.o(.text)
    _printf_fp_dec_real                      0x08006a87   Thumb Code   620  _printf_fp_dec.o(.text)
    _printf_char_file                        0x08006cf5   Thumb Code    32  _printf_char_file.o(.text)
    __rt_locale                              0x08006d19   Thumb Code     8  rt_locale_intlibspace.o(.text)
    _ll_udiv10                               0x08006d21   Thumb Code   138  lludiv10.o(.text)
    _printf_char_common                      0x08006db7   Thumb Code    32  _printf_char_common.o(.text)
    _printf_fp_infnan                        0x08006ddd   Thumb Code   112  _printf_fp_infnan.o(.text)
    _btod_etento                             0x08006e5d   Thumb Code   216  bigflt0.o(.text)
    ferror                                   0x08006f39   Thumb Code     8  ferror.o(.text)
    __user_libspace                          0x08006f41   Thumb Code     8  libspace.o(.text)
    __user_perproc_libspace                  0x08006f41   Thumb Code     0  libspace.o(.text)
    __user_perthread_libspace                0x08006f41   Thumb Code     0  libspace.o(.text)
    __user_setup_stackheap                   0x08006f49   Thumb Code    74  sys_stackheap_outer.o(.text)
    exit                                     0x08006f93   Thumb Code    18  exit.o(.text)
    strcmp                                   0x08006fa5   Thumb Code   128  strcmpv7m.o(.text)
    _btod_d2e                                0x08007025   Thumb Code    62  btod.o(CL$$btod_d2e)
    _d2e_denorm_low                          0x08007063   Thumb Code    70  btod.o(CL$$btod_d2e_denorm_low)
    _d2e_norm_op1                            0x080070a9   Thumb Code    96  btod.o(CL$$btod_d2e_norm_op1)
    __btod_div_common                        0x08007109   Thumb Code   696  btod.o(CL$$btod_div_common)
    _e2e                                     0x08007441   Thumb Code   198  btod.o(CL$$btod_e2e)
    _btod_ediv                               0x08007507   Thumb Code    40  btod.o(CL$$btod_ediv)
    _btod_emul                               0x0800752f   Thumb Code    40  btod.o(CL$$btod_emul)
    __btod_mult_common                       0x08007557   Thumb Code   580  btod.o(CL$$btod_mult_common)
    __ARM_fpclassify                         0x0800779b   Thumb Code    48  fpclassify.o(i.__ARM_fpclassify)
    _is_digit                                0x080077cb   Thumb Code    14  __printf_wp.o(i._is_digit)
    _get_lc_numeric                          0x080077d9   Thumb Code    44  lc_numeric_c.o(locale$$code)
    __fpl_dretinf                            0x08007805   Thumb Code    12  dretinf.o(x$fpl$dretinf)
    __aeabi_f2d                              0x08007811   Thumb Code     0  f2d.o(x$fpl$f2d)
    _f2d                                     0x08007811   Thumb Code    86  f2d.o(x$fpl$f2d)
    __fpl_fnaninf                            0x08007867   Thumb Code   140  fnaninf.o(x$fpl$fnaninf)
    _fp_init                                 0x080078f3   Thumb Code    10  fpinit.o(x$fpl$fpinit)
    __fplib_config_fpu_vfp                   0x080078fb   Thumb Code     0  fpinit.o(x$fpl$fpinit)
    __fplib_config_pureend_doubles           0x080078fb   Thumb Code     0  fpinit.o(x$fpl$fpinit)
    _printf_fp_dec                           0x080078fd   Thumb Code     4  printf1.o(x$fpl$printf1)
    __I$use$fp                               0x08007900   Number         0  usenofp.o(x$fpl$usenofp)
    asc2_0806                                0x08007900   Data         552  oled.o(.constdata)
    asc2_1206                                0x08007b28   Data        1140  oled.o(.constdata)
    asc2_1608                                0x08007f9c   Data        1520  oled.o(.constdata)
    asc2_2412                                0x0800858c   Data        3420  oled.o(.constdata)
    Hzk1                                     0x080092e8   Data         352  oled.o(.constdata)
    Hzk2                                     0x08009448   Data          72  oled.o(.constdata)
    Hzk3                                     0x08009490   Data         128  oled.o(.constdata)
    Hzk4                                     0x08009510   Data         512  oled.o(.constdata)
    PS2_cmnd                                 0x08009710   Data           9  ps2.o(.constdata)
    Region$$Table$$Base                      0x080097b0   Number         0  anon$$obj.o(Region$$Table)
    Region$$Table$$Limit                     0x080097d0   Number         0  anon$$obj.o(Region$$Table)
    SystemCoreClock                          0x20000000   Data           4  system_stm32f4xx.o(.data)
    AHBPrescTable                            0x20000004   Data          16  system_stm32f4xx.o(.data)
    mode                                     0x20000014   Data           1  task.o(.data)
    blue                                     0x20000015   Data           1  task.o(.data)
    flag_move                                0x20000016   Data           1  task.o(.data)
    set_speed1                               0x20000018   Data           4  task.o(.data)
    set_speed2                               0x2000001c   Data           4  task.o(.data)
    go_set_speed                             0x20000020   Data           4  task.o(.data)
    speed1                                   0x20000024   Data           4  task.o(.data)
    speed2                                   0x20000028   Data           4  task.o(.data)
    Toapp                                    0x2000002c   Data           7  task.o(.data)
    flag_balance                             0x20000033   Data           1  task.o(.data)
    page                                     0x20000034   Data           1  task.o(.data)
    page_flag                                0x20000035   Data           1  task.o(.data)
    page_do                                  0x20000036   Data           1  task.o(.data)
    count_load                               0x20000037   Data           1  task.o(.data)
    flag_control                             0x20000038   Data           1  task.o(.data)
    flag_jump                                0x20000039   Data           6  task.o(.data)
    state_57                                 0x2000003f   Data           1  task.o(.data)
    state_get                                0x20000040   Data           1  task.o(.data)
    state_getdo                              0x20000044   Data           4  task.o(.data)
    Roll_Value                               0x20000048   Data           4  task.o(.data)
    Pitch_Value                              0x2000004c   Data           4  task.o(.data)
    c9                                       0x20000050   Data           2  task.o(.data)
    count_100ms                              0x20000052   Data           1  task.o(.data)
    count_100msc                             0x20000053   Data           1  task.o(.data)
    use_servo                                0x20000054   Data           1  task.o(.data)
    dist                                     0x20000058   Data           4  task.o(.data)
    count_1ms                                0x20000074   Data           4  timer.o(.data)
    count_key                                0x20000078   Data           1  timer.o(.data)
    x1_flag_42                               0x2000007c   Data           1  motor42.o(.data)
    y1_flag_42                               0x2000007d   Data           1  motor42.o(.data)
    x2_flag_42                               0x2000007e   Data           1  motor42.o(.data)
    y2_flag_42                               0x2000007f   Data           1  motor42.o(.data)
    flag_57                                  0x20000080   Data           1  motor42.o(.data)
    en_57                                    0x20000081   Data           1  motor42.o(.data)
    dir_57                                   0x20000082   Data           1  motor42.o(.data)
    dist_57                                  0x20000084   Data           4  motor42.o(.data)
    ndist_57                                 0x20000088   Data           4  motor42.o(.data)
    balance1_task                            0x2000008c   Data           1  motor42.o(.data)
    balance2_task                            0x2000008d   Data           1  motor42.o(.data)
    balance1_time                            0x2000008e   Data           1  motor42.o(.data)
    balance2_time                            0x2000008f   Data           1  motor42.o(.data)
    need_roll2                               0x20000090   Data           4  motor42.o(.data)
    need_pitch2                              0x20000094   Data           4  motor42.o(.data)
    need_roll3                               0x20000098   Data           4  motor42.o(.data)
    need_pitch3                              0x2000009c   Data           4  motor42.o(.data)
    blue_data                                0x200000ae   Data           1  bluebooth.o(.data)
    blue_flag                                0x200000af   Data           1  bluebooth.o(.data)
    TYPE                                     0x200000b4   Data           1  usart3.o(.data)
    RxState                                  0x200000b5   Data           1  usart3.o(.data)
    pRxPacket                                0x200000b6   Data           1  usart3.o(.data)
    RxData                                   0x200000b7   Data           1  usart3.o(.data)
    Roll_3                                   0x200000b8   Data           4  usart3.o(.data)
    Pitch_3                                  0x200000bc   Data           4  usart3.o(.data)
    Yaw_3                                    0x200000c0   Data           4  usart3.o(.data)
    uart4_data                               0x200000d0   Data           1  angle.o(.data)
    uart4_p                                  0x200000d1   Data           1  angle.o(.data)
    Roll_1                                   0x200000d4   Data           4  angle.o(.data)
    Pitch_1                                  0x200000d8   Data           4  angle.o(.data)
    Yaw_1                                    0x200000dc   Data           4  angle.o(.data)
    uart5_data                               0x200000e0   Data           1  angle.o(.data)
    uart5_p                                  0x200000e1   Data           1  angle.o(.data)
    Roll_2                                   0x200000e4   Data           4  angle.o(.data)
    Pitch_2                                  0x200000e8   Data           4  angle.o(.data)
    Yaw_2                                    0x200000ec   Data           4  angle.o(.data)
    E5_angle                                 0x20000108   Data           4  servo.o(.data)
    E6_angle                                 0x2000010c   Data           4  servo.o(.data)
    B8_angle                                 0x20000110   Data           4  servo.o(.data)
    C9_angle                                 0x20000114   Data           4  servo.o(.data)
    __stdout                                 0x2000011c   Data           4  usart.o(.data)
    USART_RX_STA                             0x20000120   Data           2  usart.o(.data)
    ang                                      0x20000134   Data          24  task.o(.bss)
    dis                                      0x2000014c   Data          24  task.o(.bss)
    OLED_GRAM                                0x20000164   Data        1152  oled.o(.bss)
    USART3_RxPacket                          0x200005ed   Data         100  usart3.o(.bss)
    uart4_packet                             0x20000651   Data         100  angle.o(.bss)
    uart5_packet                             0x200006b5   Data         100  angle.o(.bss)
    USART_RX_BUF                             0x20000719   Data         200  usart.o(.bss)
    __libspace_start                         0x200007e4   Data          96  libspace.o(.bss)
    __temporary_stack_top$libspace           0x20000844   Data           0  libspace.o(.bss)



==============================================================================

Memory Map of the image

  Image Entry point : 0x08000189

  Load Region LR_IROM1 (Base: 0x08000000, Size: 0x00009920, Max: 0x00100000, ABSOLUTE, COMPRESSED[0x00009848])

    Execution Region ER_IROM1 (Exec base: 0x08000000, Load base: 0x08000000, Size: 0x000097ec, Max: 0x00100000, ABSOLUTE)

    Exec Addr    Load Addr    Size         Type   Attr      Idx    E Section Name        Object

    0x08000000   0x08000000   0x00000188   Data   RO          863    RESET               startup_stm32f40_41xxx.o
    0x08000188   0x08000188   0x00000008   Code   RO         1047  * !!!main             c_w.l(__main.o)
    0x08000190   0x08000190   0x00000034   Code   RO         1285    !!!scatter          c_w.l(__scatter.o)
    0x080001c4   0x080001c4   0x0000005a   Code   RO         1283    !!dczerorl2         c_w.l(__dczerorl2.o)
    0x0800021e   0x0800021e   0x00000002   PAD
    0x08000220   0x08000220   0x0000001c   Code   RO         1287    !!handler_zi        c_w.l(__scatter_zi.o)
    0x0800023c   0x0800023c   0x00000000   Code   RO         1044    .ARM.Collect$$_printf_percent$$00000000  c_w.l(_printf_percent.o)
    0x0800023c   0x0800023c   0x00000006   Code   RO         1043    .ARM.Collect$$_printf_percent$$00000003  c_w.l(_printf_f.o)
    0x08000242   0x08000242   0x00000006   Code   RO         1042    .ARM.Collect$$_printf_percent$$00000009  c_w.l(_printf_d.o)
    0x08000248   0x08000248   0x00000004   Code   RO         1072    .ARM.Collect$$_printf_percent$$00000017  c_w.l(_printf_percent_end.o)
    0x0800024c   0x0800024c   0x00000002   Code   RO         1160    .ARM.Collect$$libinit$$00000000  c_w.l(libinit.o)
    0x0800024e   0x0800024e   0x00000004   Code   RO         1161    .ARM.Collect$$libinit$$00000001  c_w.l(libinit2.o)
    0x08000252   0x08000252   0x00000000   Code   RO         1164    .ARM.Collect$$libinit$$00000004  c_w.l(libinit2.o)
    0x08000252   0x08000252   0x00000000   Code   RO         1167    .ARM.Collect$$libinit$$0000000A  c_w.l(libinit2.o)
    0x08000252   0x08000252   0x00000000   Code   RO         1169    .ARM.Collect$$libinit$$0000000C  c_w.l(libinit2.o)
    0x08000252   0x08000252   0x00000000   Code   RO         1171    .ARM.Collect$$libinit$$0000000E  c_w.l(libinit2.o)
    0x08000252   0x08000252   0x00000006   Code   RO         1172    .ARM.Collect$$libinit$$0000000F  c_w.l(libinit2.o)
    0x08000258   0x08000258   0x00000000   Code   RO         1174    .ARM.Collect$$libinit$$00000011  c_w.l(libinit2.o)
    0x08000258   0x08000258   0x00000000   Code   RO         1176    .ARM.Collect$$libinit$$00000013  c_w.l(libinit2.o)
    0x08000258   0x08000258   0x00000000   Code   RO         1178    .ARM.Collect$$libinit$$00000015  c_w.l(libinit2.o)
    0x08000258   0x08000258   0x0000000a   Code   RO         1179    .ARM.Collect$$libinit$$00000016  c_w.l(libinit2.o)
    0x08000262   0x08000262   0x00000000   Code   RO         1180    .ARM.Collect$$libinit$$00000017  c_w.l(libinit2.o)
    0x08000262   0x08000262   0x00000000   Code   RO         1182    .ARM.Collect$$libinit$$00000019  c_w.l(libinit2.o)
    0x08000262   0x08000262   0x00000000   Code   RO         1184    .ARM.Collect$$libinit$$0000001B  c_w.l(libinit2.o)
    0x08000262   0x08000262   0x00000000   Code   RO         1186    .ARM.Collect$$libinit$$0000001D  c_w.l(libinit2.o)
    0x08000262   0x08000262   0x00000000   Code   RO         1188    .ARM.Collect$$libinit$$0000001F  c_w.l(libinit2.o)
    0x08000262   0x08000262   0x00000000   Code   RO         1190    .ARM.Collect$$libinit$$00000021  c_w.l(libinit2.o)
    0x08000262   0x08000262   0x00000000   Code   RO         1192    .ARM.Collect$$libinit$$00000023  c_w.l(libinit2.o)
    0x08000262   0x08000262   0x00000000   Code   RO         1194    .ARM.Collect$$libinit$$00000025  c_w.l(libinit2.o)
    0x08000262   0x08000262   0x00000000   Code   RO         1198    .ARM.Collect$$libinit$$0000002C  c_w.l(libinit2.o)
    0x08000262   0x08000262   0x00000000   Code   RO         1200    .ARM.Collect$$libinit$$0000002E  c_w.l(libinit2.o)
    0x08000262   0x08000262   0x00000000   Code   RO         1202    .ARM.Collect$$libinit$$00000030  c_w.l(libinit2.o)
    0x08000262   0x08000262   0x00000000   Code   RO         1204    .ARM.Collect$$libinit$$00000032  c_w.l(libinit2.o)
    0x08000262   0x08000262   0x00000002   Code   RO         1205    .ARM.Collect$$libinit$$00000033  c_w.l(libinit2.o)
    0x08000264   0x08000264   0x00000002   Code   RO         1233    .ARM.Collect$$libshutdown$$00000000  c_w.l(libshutdown.o)
    0x08000266   0x08000266   0x00000000   Code   RO         1242    .ARM.Collect$$libshutdown$$00000002  c_w.l(libshutdown2.o)
    0x08000266   0x08000266   0x00000000   Code   RO         1244    .ARM.Collect$$libshutdown$$00000004  c_w.l(libshutdown2.o)
    0x08000266   0x08000266   0x00000000   Code   RO         1247    .ARM.Collect$$libshutdown$$00000007  c_w.l(libshutdown2.o)
    0x08000266   0x08000266   0x00000000   Code   RO         1250    .ARM.Collect$$libshutdown$$0000000A  c_w.l(libshutdown2.o)
    0x08000266   0x08000266   0x00000000   Code   RO         1252    .ARM.Collect$$libshutdown$$0000000C  c_w.l(libshutdown2.o)
    0x08000266   0x08000266   0x00000000   Code   RO         1255    .ARM.Collect$$libshutdown$$0000000F  c_w.l(libshutdown2.o)
    0x08000266   0x08000266   0x00000002   Code   RO         1256    .ARM.Collect$$libshutdown$$00000010  c_w.l(libshutdown2.o)
    0x08000268   0x08000268   0x00000000   Code   RO         1065    .ARM.Collect$$rtentry$$00000000  c_w.l(__rtentry.o)
    0x08000268   0x08000268   0x00000000   Code   RO         1083    .ARM.Collect$$rtentry$$00000002  c_w.l(__rtentry2.o)
    0x08000268   0x08000268   0x00000006   Code   RO         1095    .ARM.Collect$$rtentry$$00000004  c_w.l(__rtentry4.o)
    0x0800026e   0x0800026e   0x00000000   Code   RO         1085    .ARM.Collect$$rtentry$$00000009  c_w.l(__rtentry2.o)
    0x0800026e   0x0800026e   0x00000004   Code   RO         1086    .ARM.Collect$$rtentry$$0000000A  c_w.l(__rtentry2.o)
    0x08000272   0x08000272   0x00000000   Code   RO         1088    .ARM.Collect$$rtentry$$0000000C  c_w.l(__rtentry2.o)
    0x08000272   0x08000272   0x00000008   Code   RO         1089    .ARM.Collect$$rtentry$$0000000D  c_w.l(__rtentry2.o)
    0x0800027a   0x0800027a   0x00000002   Code   RO         1206    .ARM.Collect$$rtexit$$00000000  c_w.l(rtexit.o)
    0x0800027c   0x0800027c   0x00000000   Code   RO         1213    .ARM.Collect$$rtexit$$00000002  c_w.l(rtexit2.o)
    0x0800027c   0x0800027c   0x00000004   Code   RO         1214    .ARM.Collect$$rtexit$$00000003  c_w.l(rtexit2.o)
    0x08000280   0x08000280   0x00000006   Code   RO         1215    .ARM.Collect$$rtexit$$00000004  c_w.l(rtexit2.o)
    0x08000286   0x08000286   0x00000002   PAD
    0x08000288   0x08000288   0x00000048   Code   RO            3    .text               main.o
    0x080002d0   0x080002d0   0x0000001a   Code   RO          198    .text               stm32f4xx_it.o
    0x080002ea   0x080002ea   0x00000002   PAD
    0x080002ec   0x080002ec   0x00000210   Code   RO          247    .text               system_stm32f4xx.o
    0x080004fc   0x080004fc   0x00001ce0   Code   RO          273    .text               task.o
    0x080021dc   0x080021dc   0x000009ac   Code   RO          457    .text               oled.o
    0x08002b88   0x08002b88   0x0000008c   Code   RO          496    .text               timer.o
    0x08002c14   0x08002c14   0x00000450   Code   RO          522    .text               motor.o
    0x08003064   0x08003064   0x000001f0   Code   RO          546    .text               encoder.o
    0x08003254   0x08003254   0x000008a8   Code   RO          566    .text               motor42.o
    0x08003afc   0x08003afc   0x00000118   Code   RO          615    .text               bluebooth.o
    0x08003c14   0x08003c14   0x00000164   Code   RO          641    .text               ps2.o
    0x08003d78   0x08003d78   0x000000a0   Code   RO          665    .text               key.o
    0x08003e18   0x08003e18   0x00000224   Code   RO          686    .text               usart3.o
    0x0800403c   0x0800403c   0x0000003c   Code   RO          713    .text               led.o
    0x08004078   0x08004078   0x00000470   Code   RO          733    .text               angle.o
    0x080044e8   0x080044e8   0x00000268   Code   RO          760    .text               servo.o
    0x08004750   0x08004750   0x00000104   Code   RO          786    .text               delay.o
    0x08004854   0x08004854   0x000000d4   Code   RO          809    .text               sys.o
    0x08004928   0x08004928   0x00000250   Code   RO          832    .text               usart.o
    0x08004b78   0x08004b78   0x00000040   Code   RO          864    .text               startup_stm32f40_41xxx.o
    0x08004bb8   0x08004bb8   0x000000e0   Code   RO          870    .text               misc.o
    0x08004c98   0x08004c98   0x00000294   Code   RO          910    .text               stm32f4xx_gpio.o
    0x08004f2c   0x08004f2c   0x0000065c   Code   RO          930    .text               stm32f4xx_rcc.o
    0x08005588   0x08005588   0x00000454   Code   RO          952    .text               stm32f4xx_usart.o
    0x080059dc   0x080059dc   0x00000ca2   Code   RO          972    .text               stm32f4xx_tim.o
    0x0800667e   0x0800667e   0x00000002   Code   RO         1012    .text               c_w.l(use_no_semi_2.o)
    0x08006680   0x08006680   0x00000018   Code   RO         1016    .text               c_w.l(noretval__2printf.o)
    0x08006698   0x08006698   0x00000078   Code   RO         1020    .text               c_w.l(_printf_dec.o)
    0x08006710   0x08006710   0x0000010e   Code   RO         1030    .text               c_w.l(__printf_wp.o)
    0x0800681e   0x0800681e   0x00000006   Code   RO         1045    .text               c_w.l(heapauxi.o)
    0x08006824   0x08006824   0x00000002   Code   RO         1063    .text               c_w.l(use_no_semi.o)
    0x08006826   0x08006826   0x000000b2   Code   RO         1066    .text               c_w.l(_printf_intcommon.o)
    0x080068d8   0x080068d8   0x0000041a   Code   RO         1068    .text               c_w.l(_printf_fp_dec.o)
    0x08006cf2   0x08006cf2   0x00000002   PAD
    0x08006cf4   0x08006cf4   0x00000024   Code   RO         1070    .text               c_w.l(_printf_char_file.o)
    0x08006d18   0x08006d18   0x00000008   Code   RO         1100    .text               c_w.l(rt_locale_intlibspace.o)
    0x08006d20   0x08006d20   0x0000008a   Code   RO         1102    .text               c_w.l(lludiv10.o)
    0x08006daa   0x08006daa   0x00000002   PAD
    0x08006dac   0x08006dac   0x00000030   Code   RO         1104    .text               c_w.l(_printf_char_common.o)
    0x08006ddc   0x08006ddc   0x00000080   Code   RO         1106    .text               c_w.l(_printf_fp_infnan.o)
    0x08006e5c   0x08006e5c   0x000000dc   Code   RO         1108    .text               c_w.l(bigflt0.o)
    0x08006f38   0x08006f38   0x00000008   Code   RO         1133    .text               c_w.l(ferror.o)
    0x08006f40   0x08006f40   0x00000008   Code   RO         1144    .text               c_w.l(libspace.o)
    0x08006f48   0x08006f48   0x0000004a   Code   RO         1147    .text               c_w.l(sys_stackheap_outer.o)
    0x08006f92   0x08006f92   0x00000012   Code   RO         1151    .text               c_w.l(exit.o)
    0x08006fa4   0x08006fa4   0x00000080   Code   RO         1153    .text               c_w.l(strcmpv7m.o)
    0x08007024   0x08007024   0x0000003e   Code   RO         1111    CL$$btod_d2e        c_w.l(btod.o)
    0x08007062   0x08007062   0x00000046   Code   RO         1113    CL$$btod_d2e_denorm_low  c_w.l(btod.o)
    0x080070a8   0x080070a8   0x00000060   Code   RO         1112    CL$$btod_d2e_norm_op1  c_w.l(btod.o)
    0x08007108   0x08007108   0x00000338   Code   RO         1121    CL$$btod_div_common  c_w.l(btod.o)
    0x08007440   0x08007440   0x000000c6   Code   RO         1118    CL$$btod_e2e        c_w.l(btod.o)
    0x08007506   0x08007506   0x00000028   Code   RO         1115    CL$$btod_ediv       c_w.l(btod.o)
    0x0800752e   0x0800752e   0x00000028   Code   RO         1114    CL$$btod_emul       c_w.l(btod.o)
    0x08007556   0x08007556   0x00000244   Code   RO         1120    CL$$btod_mult_common  c_w.l(btod.o)
    0x0800779a   0x0800779a   0x00000030   Code   RO         1142    i.__ARM_fpclassify  m_wm.l(fpclassify.o)
    0x080077ca   0x080077ca   0x0000000e   Code   RO         1032    i._is_digit         c_w.l(__printf_wp.o)
    0x080077d8   0x080077d8   0x0000002c   Code   RO         1138    locale$$code        c_w.l(lc_numeric_c.o)
    0x08007804   0x08007804   0x0000000c   Code   RO         1075    x$fpl$dretinf       fz_wm.l(dretinf.o)
    0x08007810   0x08007810   0x00000056   Code   RO         1059    x$fpl$f2d           fz_wm.l(f2d.o)
    0x08007866   0x08007866   0x0000008c   Code   RO         1077    x$fpl$fnaninf       fz_wm.l(fnaninf.o)
    0x080078f2   0x080078f2   0x0000000a   Code   RO         1210    x$fpl$fpinit        fz_wm.l(fpinit.o)
    0x080078fc   0x080078fc   0x00000004   Code   RO         1061    x$fpl$printf1       fz_wm.l(printf1.o)
    0x08007900   0x08007900   0x00000000   Code   RO         1081    x$fpl$usenofp       fz_wm.l(usenofp.o)
    0x08007900   0x08007900   0x00001e10   Data   RO          459    .constdata          oled.o
    0x08009710   0x08009710   0x00000009   Data   RO          643    .constdata          ps2.o
    0x08009719   0x08009719   0x00000003   PAD
    0x0800971c   0x0800971c   0x00000094   Data   RO         1109    .constdata          c_w.l(bigflt0.o)
    0x080097b0   0x080097b0   0x00000020   Data   RO         1281    Region$$Table       anon$$obj.o
    0x080097d0   0x080097d0   0x0000001c   Data   RO         1137    locale$$data        c_w.l(lc_numeric_c.o)


    Execution Region RW_IRAM1 (Exec base: 0x20000000, Load base: 0x080097ec, Size: 0x00000e48, Max: 0x00020000, ABSOLUTE, COMPRESSED[0x0000005c])

    Exec Addr    Load Addr    Size         Type   Attr      Idx    E Section Name        Object

    0x20000000   COMPRESSED   0x00000014   Data   RW          248    .data               system_stm32f4xx.o
    0x20000014   COMPRESSED   0x00000060   Data   RW          275    .data               task.o
    0x20000074   COMPRESSED   0x00000005   Data   RW          497    .data               timer.o
    0x20000079   COMPRESSED   0x00000003   PAD
    0x2000007c   COMPRESSED   0x00000032   Data   RW          567    .data               motor42.o
    0x200000ae   COMPRESSED   0x00000002   Data   RW          616    .data               bluebooth.o
    0x200000b0   COMPRESSED   0x00000001   Data   RW          666    .data               key.o
    0x200000b1   COMPRESSED   0x00000003   PAD
    0x200000b4   COMPRESSED   0x0000001c   Data   RW          688    .data               usart3.o
    0x200000d0   COMPRESSED   0x00000038   Data   RW          735    .data               angle.o
    0x20000108   COMPRESSED   0x00000010   Data   RW          761    .data               servo.o
    0x20000118   COMPRESSED   0x00000004   Data   RW          787    .data               delay.o
    0x2000011c   COMPRESSED   0x00000006   Data   RW          834    .data               usart.o
    0x20000122   COMPRESSED   0x00000010   Data   RW          931    .data               stm32f4xx_rcc.o
    0x20000132   COMPRESSED   0x00000002   PAD
    0x20000134        -       0x00000030   Zero   RW          274    .bss                task.o
    0x20000164        -       0x00000480   Zero   RW          458    .bss                oled.o
    0x200005e4        -       0x00000009   Zero   RW          642    .bss                ps2.o
    0x200005ed        -       0x00000064   Zero   RW          687    .bss                usart3.o
    0x20000651        -       0x000000c8   Zero   RW          734    .bss                angle.o
    0x20000719        -       0x000000c8   Zero   RW          833    .bss                usart.o
    0x200007e1   COMPRESSED   0x00000003   PAD
    0x200007e4        -       0x00000060   Zero   RW         1145    .bss                c_w.l(libspace.o)
    0x20000844   COMPRESSED   0x00000004   PAD
    0x20000848        -       0x00000200   Zero   RW          862    HEAP                startup_stm32f40_41xxx.o
    0x20000a48        -       0x00000400   Zero   RW          861    STACK               startup_stm32f40_41xxx.o


==============================================================================

Image component sizes


      Code (inc. data)   RO Data    RW Data    ZI Data      Debug   Object Name

      1136        144          0         56        200       3180   angle.o
       280         16          0          2          0       1842   bluebooth.o
       260          8          0          4          0       1449   delay.o
       496         18          0          0          0       1740   encoder.o
       160         12          0          1          0        796   key.o
        60          4          0          0          0        511   led.o
        72          6          0          0          0     282323   main.o
       224         20          0          0          0       1785   misc.o
      1104         26          0          0          0       2205   motor.o
      2216        218          0         50          0       4963   motor42.o
      2476         50       7696          0       1152       9115   oled.o
       356         22          9          0          9       1730   ps2.o
       616         40          0         16          0       2319   servo.o
        64         26        392          0       1536        812   startup_stm32f40_41xxx.o
       660         44          0          0          0       4129   stm32f4xx_gpio.o
        26          0          0          0          0       1206   stm32f4xx_it.o
      1628         52          0         16          0      12984   stm32f4xx_rcc.o
      3234         60          0          0          0      22984   stm32f4xx_tim.o
      1108         34          0          0          0       7852   stm32f4xx_usart.o
       212         12          0          0          0        586   sys.o
       528         46          0         20          0       1731   system_stm32f4xx.o
      7392       1102          0         96         48     263944   task.o
       140         10          0          5          0       1046   timer.o
       592         66          0          6        200       3490   usart.o
       548         78          0         28        100       2096   usart3.o

    ----------------------------------------------------------------------
     25590       2114       8132        308       3248     636818   Object Totals
         0          0         32          0          0          0   (incl. Generated)
         2          0          3          8          3          0   (incl. Padding)

    ----------------------------------------------------------------------

      Code (inc. data)   RO Data    RW Data    ZI Data      Debug   Library Member Name

        90          0          0          0          0          0   __dczerorl2.o
         8          0          0          0          0         68   __main.o
       284          0          0          0          0        156   __printf_wp.o
         0          0          0          0          0          0   __rtentry.o
        12          0          0          0          0          0   __rtentry2.o
         6          0          0          0          0          0   __rtentry4.o
        52          8          0          0          0          0   __scatter.o
        28          0          0          0          0          0   __scatter_zi.o
        48          6          0          0          0         96   _printf_char_common.o
        36          4          0          0          0         80   _printf_char_file.o
         6          0          0          0          0          0   _printf_d.o
       120         16          0          0          0         92   _printf_dec.o
         6          0          0          0          0          0   _printf_f.o
      1050          0          0          0          0        216   _printf_fp_dec.o
       128         16          0          0          0         84   _printf_fp_infnan.o
       178          0          0          0          0         88   _printf_intcommon.o
         0          0          0          0          0          0   _printf_percent.o
         4          0          0          0          0          0   _printf_percent_end.o
       220          4        148          0          0         96   bigflt0.o
      1910        128          0          0          0        672   btod.o
        18          0          0          0          0         80   exit.o
         8          0          0          0          0         68   ferror.o
         6          0          0          0          0        152   heapauxi.o
        44         10         28          0          0         76   lc_numeric_c.o
         2          0          0          0          0          0   libinit.o
        22          0          0          0          0          0   libinit2.o
         2          0          0          0          0          0   libshutdown.o
         2          0          0          0          0          0   libshutdown2.o
         8          4          0          0         96         68   libspace.o
       138          0          0          0          0         80   lludiv10.o
        24          4          0          0          0         84   noretval__2printf.o
         8          4          0          0          0         68   rt_locale_intlibspace.o
         2          0          0          0          0          0   rtexit.o
        10          0          0          0          0          0   rtexit2.o
       128          0          0          0          0         68   strcmpv7m.o
        74          0          0          0          0         80   sys_stackheap_outer.o
         2          0          0          0          0         68   use_no_semi.o
         2          0          0          0          0         68   use_no_semi_2.o
        12          0          0          0          0        116   dretinf.o
        86          4          0          0          0        132   f2d.o
       140          4          0          0          0        132   fnaninf.o
        10          0          0          0          0        116   fpinit.o
         4          0          0          0          0        116   printf1.o
         0          0          0          0          0          0   usenofp.o
        48          0          0          0          0        124   fpclassify.o

    ----------------------------------------------------------------------
      4994        212        176          0        100       3344   Library Totals
         8          0          0          0          4          0   (incl. Padding)

    ----------------------------------------------------------------------

      Code (inc. data)   RO Data    RW Data    ZI Data      Debug   Library Name

      4686        204        176          0         96       2608   c_w.l
       252          8          0          0          0        612   fz_wm.l
        48          0          0          0          0        124   m_wm.l

    ----------------------------------------------------------------------
      4994        212        176          0        100       3344   Library Totals

    ----------------------------------------------------------------------

==============================================================================


      Code (inc. data)   RO Data    RW Data    ZI Data      Debug   

     30584       2326       8308        308       3348     634158   Grand Totals
     30584       2326       8308         92       3348     634158   ELF Image Totals (compressed)
     30584       2326       8308         92          0          0   ROM Totals

==============================================================================

    Total RO  Size (Code + RO Data)                38892 (  37.98kB)
    Total RW  Size (RW Data + ZI Data)              3656 (   3.57kB)
    Total ROM Size (Code + RO Data + RW Data)      38984 (  38.07kB)

==============================================================================

